src/components/ui/DecryptedText.tsx(185,46): error TS2345: Argument of type 'Set<unknown>' is not assignable to parameter of type 'Set<number>'.
  Type 'unknown' is not assignable to type 'number'.
src/components/ui/DecryptedText.tsx(188,48): error TS2345: Argument of type 'Set<unknown>' is not assignable to parameter of type 'Set<number>'.
  Type 'unknown' is not assignable to type 'number'.
src/components/ui/DecryptedText.tsx(203,48): error TS2345: Argument of type 'Set<unknown>' is not assignable to parameter of type 'Set<number>'.
  Type 'unknown' is not assignable to type 'number'.
src/components/ui/DecryptedText.tsx(220,46): error TS2345: Argument of type 'Set<unknown>' is not assignable to parameter of type 'Set<number>'.
  Type 'unknown' is not assignable to type 'number'.
src/components/ui/DecryptedText.tsx(238,49): error TS2345: Argument of type 'Set<unknown>' is not assignable to parameter of type 'Set<number>'.
  Type 'unknown' is not assignable to type 'number'.
src/components/ui/DecryptedText.tsx(369,13): error TS2322: Type '{ position: string; width: string; height: string; padding: number; margin: string; overflow: string; clip: string; border: number; }' is not assignable to type 'CSSProperties'.
  Types of property 'position' are incompatible.
    Type 'string' is not assignable to type 'Position'.
src/hooks/useAiChat.ts(28,34): error TS2339: Property 'env' does not exist on type 'ImportMeta'.
